  正在确定要还原的项目…
  所有项目均是最新的，无法还原。
  IOTWave -> h:\MyGit\CSharp\IOTWave\IOTWave\bin\Debug\net10.0\IOTWave.dll
  IOTWaveDemo -> h:\MyGit\CSharp\IOTWave\IOTWaveDemo\IOTWaveDemo\bin\Debug\net10.0\IOTWaveDemo.dll

已成功生成。
    0 个警告
    0 个错误

已用时间 00:00:02.50
